// Vitest Snapshot v1, https://vitest.dev/guide/snapshot.html

exports[`Programmable API 1`] = `
"- 8 files (0 file passed, 8 files failed) checked.
- 57 problems (56 errors, 1 warning) found.
╔═════════════════════════════╤═══════╤═════════╤════════════╤═════════════════╗
║ Rule                        │ Error │ Warning │ is fixable │ has suggestions ║
╟─────────────────────────────┼───────┼─────────┼────────────┼─────────────────╢
║ ban-exponentiation-operator │ 8     │ 0       │ 0          │ 0               ║
╟─────────────────────────────┼───────┼─────────┼────────────┼─────────────────╢
║ semi                        │ 12    │ 1       │ 13         │ 0               ║
╟─────────────────────────────┼───────┼─────────┼────────────┼─────────────────╢
║ import/order                │ 3     │ 0       │ 3          │ 0               ║
╟─────────────────────────────┼───────┼─────────┼────────────┼─────────────────╢
║ prefer-const                │ 4     │ 0       │ 4          │ 0               ║
╟─────────────────────────────┼───────┼─────────┼────────────┼─────────────────╢
║ no-unused-vars              │ 7     │ 0       │ 0          │ 0               ║
╟─────────────────────────────┼───────┼─────────┼────────────┼─────────────────╢
║ no-useless-escape           │ 5     │ 0       │ 0          │ 5               ║
╟─────────────────────────────┼───────┼─────────┼────────────┼─────────────────╢
║ no-unsafe-negation          │ 5     │ 0       │ 0          │ 5               ║
╟─────────────────────────────┼───────┼─────────┼────────────┼─────────────────╢
║ arrow-body-style            │ 12    │ 0       │ 12         │ 0               ║
╚═════════════════════════════╧═══════╧═════════╧════════════╧═════════════════╝
"
`;

exports[`Programmable API 2`] = `
[
  {
    "errorCount": 8,
    "hasSuggestionsCount": 0,
    "hasSuggestionsErrorCount": 0,
    "hasSuggestionsWarningCount": 0,
    "isFixableCount": 0,
    "isFixableErrorCount": 0,
    "isFixableWarningCount": 0,
    "ruleId": "ban-exponentiation-operator",
    "warningCount": 0,
  },
  {
    "errorCount": 12,
    "hasSuggestionsCount": 0,
    "hasSuggestionsErrorCount": 0,
    "hasSuggestionsWarningCount": 0,
    "isFixableCount": 13,
    "isFixableErrorCount": 12,
    "isFixableWarningCount": 1,
    "ruleId": "semi",
    "warningCount": 1,
  },
  {
    "errorCount": 3,
    "hasSuggestionsCount": 0,
    "hasSuggestionsErrorCount": 0,
    "hasSuggestionsWarningCount": 0,
    "isFixableCount": 3,
    "isFixableErrorCount": 3,
    "isFixableWarningCount": 0,
    "ruleId": "import/order",
    "warningCount": 0,
  },
  {
    "errorCount": 4,
    "hasSuggestionsCount": 0,
    "hasSuggestionsErrorCount": 0,
    "hasSuggestionsWarningCount": 0,
    "isFixableCount": 4,
    "isFixableErrorCount": 4,
    "isFixableWarningCount": 0,
    "ruleId": "prefer-const",
    "warningCount": 0,
  },
  {
    "errorCount": 7,
    "hasSuggestionsCount": 0,
    "hasSuggestionsErrorCount": 0,
    "hasSuggestionsWarningCount": 0,
    "isFixableCount": 0,
    "isFixableErrorCount": 0,
    "isFixableWarningCount": 0,
    "ruleId": "no-unused-vars",
    "warningCount": 0,
  },
  {
    "errorCount": 5,
    "hasSuggestionsCount": 5,
    "hasSuggestionsErrorCount": 5,
    "hasSuggestionsWarningCount": 0,
    "isFixableCount": 0,
    "isFixableErrorCount": 0,
    "isFixableWarningCount": 0,
    "ruleId": "no-useless-escape",
    "warningCount": 0,
  },
  {
    "errorCount": 5,
    "hasSuggestionsCount": 5,
    "hasSuggestionsErrorCount": 5,
    "hasSuggestionsWarningCount": 0,
    "isFixableCount": 0,
    "isFixableErrorCount": 0,
    "isFixableWarningCount": 0,
    "ruleId": "no-unsafe-negation",
    "warningCount": 0,
  },
  {
    "errorCount": 12,
    "hasSuggestionsCount": 0,
    "hasSuggestionsErrorCount": 0,
    "hasSuggestionsWarningCount": 0,
    "isFixableCount": 12,
    "isFixableErrorCount": 12,
    "isFixableWarningCount": 0,
    "ruleId": "arrow-body-style",
    "warningCount": 0,
  },
]
`;

exports[`Programmable API 3`] = `
"==> fixtures-tmp/index.js <==
import { mul } from './lib/mul';
import { add } from './lib/add';
import { sub } from './lib/sub';
import { exp } from './lib/exp';
import { strictEqual } from 'assert';

const numA=add(1, 2);
let numB=add(3, 4);
let numC=sub(5, 6);
let numD=exp(2, 2);
let numE=mul(numA, numB, numC, numD);

strictEqual(numD, -84);

==> fixtures-tmp/lib/shebang.js <==
#!/usr/bin/env node

console.log();

==> fixtures-tmp/lib/warning.js <==
/* eslint semi: 1 */

export function add(a, b) {
  return a + b;
}
"
`;
