// Vitest Snapshot v1, https://vitest.dev/guide/snapshot.html

exports[`apply-suggestions > filter には suggestions, message が渡ってくる 1`] = `
{
  "context": {
    "filename": "test.js",
    "fixer": {
      "insertTextAfter": [Function],
      "insertTextAfterRange": [Function],
      "insertTextBefore": [Function],
      "insertTextBeforeRange": [Function],
      "remove": [Function],
      "removeRange": [Function],
      "replaceText": [Function],
      "replaceTextRange": [Function],
    },
    "messages": [
      {
        "column": 1,
        "endColumn": 10,
        "endLine": 1,
        "line": 1,
        "message": "The addition method is redundant.",
        "nodeType": "AssignmentExpression",
        "ruleId": "eslint-interactive/prefer-addition-shorthand",
        "severity": 2,
        "suggestions": [
          {
            "desc": "Use \`val += 1\` instead.",
            "fix": {
              "range": [
                0,
                9,
              ],
              "text": "a += 1",
            },
          },
          {
            "desc": "Use \`val++\` instead.",
            "fix": {
              "range": [
                0,
                9,
              ],
              "text": "a++",
            },
          },
          {
            "desc": "Use \`++val\` instead.",
            "fix": {
              "range": [
                0,
                9,
              ],
              "text": "++a",
            },
          },
        ],
      },
    ],
    "ruleIds": [
      "eslint-interactive/prefer-addition-shorthand",
    ],
    "sourceCode": {
      "text": "a = a + 1;",
    },
  },
  "message": {
    "column": 1,
    "endColumn": 10,
    "endLine": 1,
    "line": 1,
    "message": "The addition method is redundant.",
    "nodeType": "AssignmentExpression",
    "ruleId": "eslint-interactive/prefer-addition-shorthand",
    "severity": 2,
    "suggestions": [
      {
        "desc": "Use \`val += 1\` instead.",
        "fix": {
          "range": [
            0,
            9,
          ],
          "text": "a += 1",
        },
      },
      {
        "desc": "Use \`val++\` instead.",
        "fix": {
          "range": [
            0,
            9,
          ],
          "text": "a++",
        },
      },
      {
        "desc": "Use \`++val\` instead.",
        "fix": {
          "range": [
            0,
            9,
          ],
          "text": "++a",
        },
      },
    ],
  },
  "suggestions": [
    {
      "desc": "Use \`val += 1\` instead.",
      "fix": {
        "range": [
          0,
          9,
        ],
        "text": "a += 1",
      },
    },
    {
      "desc": "Use \`val++\` instead.",
      "fix": {
        "range": [
          0,
          9,
        ],
        "text": "a++",
      },
    },
    {
      "desc": "Use \`++val\` instead.",
      "fix": {
        "range": [
          0,
          9,
        ],
        "text": "++a",
      },
    },
  ],
}
`;
