// Vitest Snapshot v1, https://vitest.dev/guide/snapshot.html

exports[`make-fixable-and-fix > \`fixableMaker\` receives the message and node. 1`] = `
{
  "context": {
    "filename": "test.js",
    "fixer": {
      "insertTextAfter": [Function],
      "insertTextAfterRange": [Function],
      "insertTextBefore": [Function],
      "insertTextBeforeRange": [Function],
      "remove": [Function],
      "removeRange": [Function],
      "replaceText": [Function],
      "replaceTextRange": [Function],
    },
    "messages": [
      {
        "column": 7,
        "endColumn": 8,
        "endLine": 1,
        "line": 1,
        "message": "'a' is assigned a value but never used. Allowed unused vars must match /^_/u.",
        "messageId": "unusedVar",
        "nodeType": "Identifier",
        "ruleId": "no-unused-vars",
        "severity": 2,
      },
    ],
    "ruleIds": [
      "no-unused-vars",
    ],
    "sourceCode": {
      "text": "const a = 1;",
    },
  },
  "message": {
    "column": 7,
    "endColumn": 8,
    "endLine": 1,
    "line": 1,
    "message": "'a' is assigned a value but never used. Allowed unused vars must match /^_/u.",
    "messageId": "unusedVar",
    "nodeType": "Identifier",
    "ruleId": "no-unused-vars",
    "severity": 2,
  },
  "node": Node {
    "end": 7,
    "loc": SourceLocation {
      "end": Position {
        "column": 7,
        "line": 1,
      },
      "start": Position {
        "column": 6,
        "line": 1,
      },
    },
    "name": "a",
    "parent": Node {
      "end": 11,
      "id": [Circular],
      "init": Node {
        "end": 11,
        "loc": SourceLocation {
          "end": Position {
            "column": 11,
            "line": 1,
          },
          "start": Position {
            "column": 10,
            "line": 1,
          },
        },
        "parent": [Circular],
        "range": [
          10,
          11,
        ],
        "raw": "1",
        "start": 10,
        "type": "Literal",
        "value": 1,
      },
      "loc": SourceLocation {
        "end": Position {
          "column": 11,
          "line": 1,
        },
        "start": Position {
          "column": 6,
          "line": 1,
        },
      },
      "parent": Node {
        "declarations": [
          [Circular],
        ],
        "end": 12,
        "kind": "const",
        "loc": SourceLocation {
          "end": Position {
            "column": 12,
            "line": 1,
          },
          "start": Position {
            "column": 0,
            "line": 1,
          },
        },
        "parent": Node {
          "body": [
            [Circular],
          ],
          "comments": [],
          "end": 12,
          "loc": SourceLocation {
            "end": Position {
              "column": 12,
              "line": 1,
            },
            "start": Position {
              "column": 0,
              "line": 1,
            },
          },
          "parent": null,
          "range": [
            0,
            12,
          ],
          "sourceType": "script",
          "start": 0,
          "tokens": [
            Token {
              "end": 5,
              "loc": SourceLocation {
                "end": Position {
                  "column": 5,
                  "line": 1,
                },
                "start": Position {
                  "column": 0,
                  "line": 1,
                },
              },
              "range": [
                0,
                5,
              ],
              "start": 0,
              "type": "Keyword",
              "value": "const",
            },
            Token {
              "end": 7,
              "loc": SourceLocation {
                "end": Position {
                  "column": 7,
                  "line": 1,
                },
                "start": Position {
                  "column": 6,
                  "line": 1,
                },
              },
              "range": [
                6,
                7,
              ],
              "start": 6,
              "type": "Identifier",
              "value": "a",
            },
            Token {
              "end": 9,
              "loc": SourceLocation {
                "end": Position {
                  "column": 9,
                  "line": 1,
                },
                "start": Position {
                  "column": 8,
                  "line": 1,
                },
              },
              "range": [
                8,
                9,
              ],
              "start": 8,
              "type": "Punctuator",
              "value": "=",
            },
            Token {
              "end": 11,
              "loc": SourceLocation {
                "end": Position {
                  "column": 11,
                  "line": 1,
                },
                "start": Position {
                  "column": 10,
                  "line": 1,
                },
              },
              "range": [
                10,
                11,
              ],
              "start": 10,
              "type": "Numeric",
              "value": "1",
            },
            Token {
              "end": 12,
              "loc": SourceLocation {
                "end": Position {
                  "column": 12,
                  "line": 1,
                },
                "start": Position {
                  "column": 11,
                  "line": 1,
                },
              },
              "range": [
                11,
                12,
              ],
              "start": 11,
              "type": "Punctuator",
              "value": ";",
            },
          ],
          "type": "Program",
        },
        "range": [
          0,
          12,
        ],
        "start": 0,
        "type": "VariableDeclaration",
      },
      "range": [
        6,
        11,
      ],
      "start": 6,
      "type": "VariableDeclarator",
    },
    "range": [
      6,
      7,
    ],
    "start": 6,
    "type": "Identifier",
  },
}
`;
