// Vitest Snapshot v1, https://vitest.dev/guide/snapshot.html

exports[`fix problems with flat config 1`] = `"const a = 1;"`;
